[junction_report]
id = j1
time = 1
queues = 

[junction_report]
id = j2
time = 1
queues = (r1,green,[])

[road_report]
id = r1
time = 1
state = 

[junction_report]
id = j1
time = 2
queues = 

[junction_report]
id = j2
time = 2
queues = (r1,green,[])

[road_report]
id = r1
time = 2
state = (v2,5)

[vehicle_report]
id = v2
time = 2
type = car
speed = 5
kilometrage = 5
faulty = 0
location = (r1,5)

[junction_report]
id = j1
time = 3
queues = 

[junction_report]
id = j2
time = 3
queues = (r1,green,[])

[road_report]
id = r1
time = 3
state = (v2,10)

[vehicle_report]
id = v2
time = 3
type = car
speed = 5
kilometrage = 10
faulty = 0
location = (r1,10)

