[junction_report]
id = j1
time = 1
queues = 

[junction_report]
id = j2
time = 1
queues = (r1,green,[])

[road_report]
id = r1
time = 1
state = 

[junction_report]
id = j1
time = 2
queues = 

[junction_report]
id = j2
time = 2
queues = (r1,green,[])

[road_report]
id = r1
time = 2
state = (b1,5)

[vehicle_report]
id = b1
time = 2
type = bike
speed = 5
kilometrage = 5
faulty = 0
location = (r1,5)

[junction_report]
id = j1
time = 3
queues = 

[junction_report]
id = j2
time = 3
queues = (r1,green,[])

[road_report]
id = r1
time = 3
state = (b1,5)

[vehicle_report]
id = b1
time = 3
type = bike
speed = 0
kilometrage = 5
faulty = 2
location = (r1,5)

[junction_report]
id = j1
time = 4
queues = 

[junction_report]
id = j2
time = 4
queues = (r1,green,[])

[road_report]
id = r1
time = 4
state = (b1,5)

[vehicle_report]
id = b1
time = 4
type = bike
speed = 0
kilometrage = 5
faulty = 1
location = (r1,5)

