[junction_report]
id = j1
time = 1
queues = 

[junction_report]
id = j2
time = 1
queues = (lanes1,green,[])

[road_report]
id = lanes1
time = 1
type = lanes
state = (v1,11),(v2,11)

[vehicle_report]
id = v1
time = 1
speed = 11
kilometrage = 11
faulty = 0
location = (lanes1,11)

[vehicle_report]
id = v2
time = 1
speed = 11
kilometrage = 11
faulty = 0
location = (lanes1,11)

[junction_report]
id = j1
time = 2
queues = 

[junction_report]
id = j2
time = 2
queues = (lanes1,green,[])

[road_report]
id = lanes1
time = 2
type = lanes
state = (v1,22),(v2,22)

[vehicle_report]
id = v1
time = 2
speed = 11
kilometrage = 22
faulty = 0
location = (lanes1,22)

[vehicle_report]
id = v2
time = 2
speed = 11
kilometrage = 22
faulty = 0
location = (lanes1,22)

[junction_report]
id = j1
time = 3
queues = 

[junction_report]
id = j2
time = 3
queues = (lanes1,green,[])

[road_report]
id = lanes1
time = 3
type = lanes
state = (v1,33),(v2,33)

[vehicle_report]
id = v1
time = 3
speed = 11
kilometrage = 33
faulty = 0
location = (lanes1,33)

[vehicle_report]
id = v2
time = 3
speed = 11
kilometrage = 33
faulty = 0
location = (lanes1,33)

