[junction_report]
id = j1
time = 1
queues = 

[junction_report]
id = j2
time = 1
queues = (r1,green,[])

[road_report]
id = r1
time = 1
state = (v1,10)

[vehicle_report]
id = v1
time = 1
speed = 10
kilometrage = 10
faulty = 0
location = (r1,10)

[junction_report]
id = j1
time = 2
queues = 

[junction_report]
id = j2
time = 2
queues = (r1,green,[])

[road_report]
id = r1
time = 2
state = (v1,10)

[vehicle_report]
id = v1
time = 2
speed = 0
kilometrage = 10
faulty = 2
location = (r1,10)

[junction_report]
id = j1
time = 3
queues = 

[junction_report]
id = j2
time = 3
queues = (r1,green,[])

[road_report]
id = r1
time = 3
state = (v1,10),(v2,10)

[vehicle_report]
id = v1
time = 3
speed = 0
kilometrage = 10
faulty = 1
location = (r1,10)

[vehicle_report]
id = v2
time = 3
speed = 10
kilometrage = 10
faulty = 0
location = (r1,10)

[junction_report]
id = j1
time = 4
queues = 

[junction_report]
id = j2
time = 4
queues = (r1,green,[])

[road_report]
id = r1
time = 4
state = (v1,10),(v2,10)

[vehicle_report]
id = v1
time = 4
speed = 0
kilometrage = 10
faulty = 0
location = (r1,10)

[vehicle_report]
id = v2
time = 4
speed = 0
kilometrage = 10
faulty = 2
location = (r1,10)

[junction_report]
id = j1
time = 5
queues = 

[junction_report]
id = j2
time = 5
queues = (r1,green,[])

[road_report]
id = r1
time = 5
state = (v1,20),(v2,10),(v3,10)

[vehicle_report]
id = v1
time = 5
speed = 10
kilometrage = 20
faulty = 0
location = (r1,20)

[vehicle_report]
id = v2
time = 5
speed = 0
kilometrage = 10
faulty = 1
location = (r1,10)

[vehicle_report]
id = v3
time = 5
speed = 10
kilometrage = 10
faulty = 0
location = (r1,10)

[junction_report]
id = j1
time = 6
queues = 

[junction_report]
id = j2
time = 6
queues = (r1,green,[])

[road_report]
id = r1
time = 6
state = (v1,30),(v3,20),(v2,10)

[vehicle_report]
id = v1
time = 6
speed = 10
kilometrage = 30
faulty = 0
location = (r1,30)

[vehicle_report]
id = v2
time = 6
speed = 0
kilometrage = 10
faulty = 0
location = (r1,10)

[vehicle_report]
id = v3
time = 6
speed = 10
kilometrage = 20
faulty = 0
location = (r1,20)

